// Jest Snapshot v1, https://goo.gl/fbAQLP

exports[`Dropdown button component should match snapshot 1`] = `
<div>
  <div>
    <div
      class="css-1rxpneb-DropdownButton"
    >
      <button
        class="css-115rw74-Button"
        icon="expand_more"
      >
        <div
          class="css-1xz4u2o-Text css-vurnku"
        >
          select
        </div>
        <span
          class="css-lh6qdg-ButtonIcon"
        >
          <i
            class="material-icons  css-y0j37o-Icon"
          >
            expand_more
          </i>
        </span>
      </button>
    </div>
  </div>
</div>
`;
