// Jest Snapshot v1, https://goo.gl/fbAQLP

exports[`Calendar component should match snapshot 1`] = `
<div>
  <div
    class="css-1pvc4u8-Calendar"
  >
    <div
      class="css-ft1sxc-Calendar css-4cffwv"
    >
      <button
        class="css-hcal7n-Button"
      >
        <span
          class="css-1geq0g0"
        >
          <i
            class="material-icons  css-y0j37o-Icon"
          >
            chevron_left
          </i>
        </span>
        <span />
      </button>
      <span
        class="css-1a9mqxr-Text css-vurnku"
      >
        February
         
        2021
      </span>
      <button
        class="css-hcal7n-Button"
      >
        <span />
        <span
          class="css-1geq0g0"
        >
          <i
            class="material-icons  css-y0j37o-Icon"
          >
            chevron_right
          </i>
        </span>
      </button>
    </div>
    <div
      class="css-1a0kgyi-Calendar"
    >
      <div
        class="css-108m3ho-Tooltip"
      >
        <span
          class="css-1rgqr4q"
        >
          S
        </span>
      </div>
      <div
        class="css-108m3ho-Tooltip"
      >
        <span
          class="css-1rgqr4q"
        >
          M
        </span>
      </div>
      <div
        class="css-108m3ho-Tooltip"
      >
        <span
          class="css-1rgqr4q"
        >
          T
        </span>
      </div>
      <div
        class="css-108m3ho-Tooltip"
      >
        <span
          class="css-1rgqr4q"
        >
          W
        </span>
      </div>
      <div
        class="css-108m3ho-Tooltip"
      >
        <span
          class="css-1rgqr4q"
        >
          T
        </span>
      </div>
      <div
        class="css-108m3ho-Tooltip"
      >
        <span
          class="css-1rgqr4q"
        >
          F
        </span>
      </div>
      <div
        class="css-108m3ho-Tooltip"
      >
        <span
          class="css-1rgqr4q"
        >
          S
        </span>
      </div>
    </div>
    <div
      class="css-1tme9z0-Calendar"
    >
      <span
        class="css-gakn16-CalendarDay"
        data-testid="Sun Jan 31 2021 00:00:00 GMT+1100 (Australian Eastern Daylight Time)-0"
        id="Sun Jan 31 2021 00:00:00 GMT+1100 (Australian Eastern Daylight Time)-0"
      >
        31
      </span>
      <span
        class="css-1and8og-CalendarDay"
        data-testid="Mon Feb 01 2021 00:00:00 GMT+1100 (Australian Eastern Daylight Time)-1"
        id="Mon Feb 01 2021 00:00:00 GMT+1100 (Australian Eastern Daylight Time)-1"
      >
        1
      </span>
      <span
        class="css-5ocht1-CalendarDay"
        data-testid="Tue Feb 02 2021 00:00:00 GMT+1100 (Australian Eastern Daylight Time)-2"
        id="Tue Feb 02 2021 00:00:00 GMT+1100 (Australian Eastern Daylight Time)-2"
      >
        2
      </span>
      <span
        class="css-5ocht1-CalendarDay"
        data-testid="Wed Feb 03 2021 00:00:00 GMT+1100 (Australian Eastern Daylight Time)-3"
        id="Wed Feb 03 2021 00:00:00 GMT+1100 (Australian Eastern Daylight Time)-3"
      >
        3
      </span>
      <span
        class="css-5ocht1-CalendarDay"
        data-testid="Thu Feb 04 2021 00:00:00 GMT+1100 (Australian Eastern Daylight Time)-4"
        id="Thu Feb 04 2021 00:00:00 GMT+1100 (Australian Eastern Daylight Time)-4"
      >
        4
      </span>
      <span
        class="css-5ocht1-CalendarDay"
        data-testid="Fri Feb 05 2021 00:00:00 GMT+1100 (Australian Eastern Daylight Time)-5"
        id="Fri Feb 05 2021 00:00:00 GMT+1100 (Australian Eastern Daylight Time)-5"
      >
        5
      </span>
      <span
        class="css-5ocht1-CalendarDay"
        data-testid="Sat Feb 06 2021 00:00:00 GMT+1100 (Australian Eastern Daylight Time)-6"
        id="Sat Feb 06 2021 00:00:00 GMT+1100 (Australian Eastern Daylight Time)-6"
      >
        6
      </span>
      <span
        class="css-5ocht1-CalendarDay"
        data-testid="Sun Feb 07 2021 00:00:00 GMT+1100 (Australian Eastern Daylight Time)-7"
        id="Sun Feb 07 2021 00:00:00 GMT+1100 (Australian Eastern Daylight Time)-7"
      >
        7
      </span>
      <span
        class="css-5ocht1-CalendarDay"
        data-testid="Mon Feb 08 2021 00:00:00 GMT+1100 (Australian Eastern Daylight Time)-8"
        id="Mon Feb 08 2021 00:00:00 GMT+1100 (Australian Eastern Daylight Time)-8"
      >
        8
      </span>
      <span
        class="css-5ocht1-CalendarDay"
        data-testid="Tue Feb 09 2021 00:00:00 GMT+1100 (Australian Eastern Daylight Time)-9"
        id="Tue Feb 09 2021 00:00:00 GMT+1100 (Australian Eastern Daylight Time)-9"
      >
        9
      </span>
      <span
        class="css-5ocht1-CalendarDay"
        data-testid="Wed Feb 10 2021 00:00:00 GMT+1100 (Australian Eastern Daylight Time)-10"
        id="Wed Feb 10 2021 00:00:00 GMT+1100 (Australian Eastern Daylight Time)-10"
      >
        10
      </span>
      <span
        class="css-5ocht1-CalendarDay"
        data-testid="Thu Feb 11 2021 00:00:00 GMT+1100 (Australian Eastern Daylight Time)-11"
        id="Thu Feb 11 2021 00:00:00 GMT+1100 (Australian Eastern Daylight Time)-11"
      >
        11
      </span>
      <span
        class="css-5ocht1-CalendarDay"
        data-testid="Fri Feb 12 2021 00:00:00 GMT+1100 (Australian Eastern Daylight Time)-12"
        id="Fri Feb 12 2021 00:00:00 GMT+1100 (Australian Eastern Daylight Time)-12"
      >
        12
      </span>
      <span
        class="css-5ocht1-CalendarDay"
        data-testid="Sat Feb 13 2021 00:00:00 GMT+1100 (Australian Eastern Daylight Time)-13"
        id="Sat Feb 13 2021 00:00:00 GMT+1100 (Australian Eastern Daylight Time)-13"
      >
        13
      </span>
      <span
        class="css-5ocht1-CalendarDay"
        data-testid="Sun Feb 14 2021 00:00:00 GMT+1100 (Australian Eastern Daylight Time)-14"
        id="Sun Feb 14 2021 00:00:00 GMT+1100 (Australian Eastern Daylight Time)-14"
      >
        14
      </span>
      <span
        class="css-5ocht1-CalendarDay"
        data-testid="Mon Feb 15 2021 00:00:00 GMT+1100 (Australian Eastern Daylight Time)-15"
        id="Mon Feb 15 2021 00:00:00 GMT+1100 (Australian Eastern Daylight Time)-15"
      >
        15
      </span>
      <span
        class="css-5ocht1-CalendarDay"
        data-testid="Tue Feb 16 2021 00:00:00 GMT+1100 (Australian Eastern Daylight Time)-16"
        id="Tue Feb 16 2021 00:00:00 GMT+1100 (Australian Eastern Daylight Time)-16"
      >
        16
      </span>
      <span
        class="css-5ocht1-CalendarDay"
        data-testid="Wed Feb 17 2021 00:00:00 GMT+1100 (Australian Eastern Daylight Time)-17"
        id="Wed Feb 17 2021 00:00:00 GMT+1100 (Australian Eastern Daylight Time)-17"
      >
        17
      </span>
      <span
        class="css-5ocht1-CalendarDay"
        data-testid="Thu Feb 18 2021 00:00:00 GMT+1100 (Australian Eastern Daylight Time)-18"
        id="Thu Feb 18 2021 00:00:00 GMT+1100 (Australian Eastern Daylight Time)-18"
      >
        18
      </span>
      <span
        class="css-5ocht1-CalendarDay"
        data-testid="Fri Feb 19 2021 00:00:00 GMT+1100 (Australian Eastern Daylight Time)-19"
        id="Fri Feb 19 2021 00:00:00 GMT+1100 (Australian Eastern Daylight Time)-19"
      >
        19
      </span>
      <span
        class="css-5ocht1-CalendarDay"
        data-testid="Sat Feb 20 2021 00:00:00 GMT+1100 (Australian Eastern Daylight Time)-20"
        id="Sat Feb 20 2021 00:00:00 GMT+1100 (Australian Eastern Daylight Time)-20"
      >
        20
      </span>
      <span
        class="css-5ocht1-CalendarDay"
        data-testid="Sun Feb 21 2021 00:00:00 GMT+1100 (Australian Eastern Daylight Time)-21"
        id="Sun Feb 21 2021 00:00:00 GMT+1100 (Australian Eastern Daylight Time)-21"
      >
        21
      </span>
      <span
        class="css-5ocht1-CalendarDay"
        data-testid="Mon Feb 22 2021 00:00:00 GMT+1100 (Australian Eastern Daylight Time)-22"
        id="Mon Feb 22 2021 00:00:00 GMT+1100 (Australian Eastern Daylight Time)-22"
      >
        22
      </span>
      <span
        class="css-5ocht1-CalendarDay"
        data-testid="Tue Feb 23 2021 00:00:00 GMT+1100 (Australian Eastern Daylight Time)-23"
        id="Tue Feb 23 2021 00:00:00 GMT+1100 (Australian Eastern Daylight Time)-23"
      >
        23
      </span>
      <span
        class="css-5ocht1-CalendarDay"
        data-testid="Wed Feb 24 2021 00:00:00 GMT+1100 (Australian Eastern Daylight Time)-24"
        id="Wed Feb 24 2021 00:00:00 GMT+1100 (Australian Eastern Daylight Time)-24"
      >
        24
      </span>
      <span
        class="css-5ocht1-CalendarDay"
        data-testid="Thu Feb 25 2021 00:00:00 GMT+1100 (Australian Eastern Daylight Time)-25"
        id="Thu Feb 25 2021 00:00:00 GMT+1100 (Australian Eastern Daylight Time)-25"
      >
        25
      </span>
      <span
        class="css-5ocht1-CalendarDay"
        data-testid="Fri Feb 26 2021 00:00:00 GMT+1100 (Australian Eastern Daylight Time)-26"
        id="Fri Feb 26 2021 00:00:00 GMT+1100 (Australian Eastern Daylight Time)-26"
      >
        26
      </span>
      <span
        class="css-5ocht1-CalendarDay"
        data-testid="Sat Feb 27 2021 00:00:00 GMT+1100 (Australian Eastern Daylight Time)-27"
        id="Sat Feb 27 2021 00:00:00 GMT+1100 (Australian Eastern Daylight Time)-27"
      >
        27
      </span>
      <span
        class="css-5ocht1-CalendarDay"
        data-testid="Sun Feb 28 2021 00:00:00 GMT+1100 (Australian Eastern Daylight Time)-28"
        id="Sun Feb 28 2021 00:00:00 GMT+1100 (Australian Eastern Daylight Time)-28"
      >
        28
      </span>
      <span
        class="css-gakn16-CalendarDay"
        data-testid="Mon Mar 01 2021 00:00:00 GMT+1100 (Australian Eastern Daylight Time)-29"
        id="Mon Mar 01 2021 00:00:00 GMT+1100 (Australian Eastern Daylight Time)-29"
      >
        1
      </span>
      <span
        class="css-gakn16-CalendarDay"
        data-testid="Tue Mar 02 2021 00:00:00 GMT+1100 (Australian Eastern Daylight Time)-30"
        id="Tue Mar 02 2021 00:00:00 GMT+1100 (Australian Eastern Daylight Time)-30"
      >
        2
      </span>
      <span
        class="css-gakn16-CalendarDay"
        data-testid="Wed Mar 03 2021 00:00:00 GMT+1100 (Australian Eastern Daylight Time)-31"
        id="Wed Mar 03 2021 00:00:00 GMT+1100 (Australian Eastern Daylight Time)-31"
      >
        3
      </span>
      <span
        class="css-gakn16-CalendarDay"
        data-testid="Thu Mar 04 2021 00:00:00 GMT+1100 (Australian Eastern Daylight Time)-32"
        id="Thu Mar 04 2021 00:00:00 GMT+1100 (Australian Eastern Daylight Time)-32"
      >
        4
      </span>
      <span
        class="css-gakn16-CalendarDay"
        data-testid="Fri Mar 05 2021 00:00:00 GMT+1100 (Australian Eastern Daylight Time)-33"
        id="Fri Mar 05 2021 00:00:00 GMT+1100 (Australian Eastern Daylight Time)-33"
      >
        5
      </span>
      <span
        class="css-gakn16-CalendarDay"
        data-testid="Sat Mar 06 2021 00:00:00 GMT+1100 (Australian Eastern Daylight Time)-34"
        id="Sat Mar 06 2021 00:00:00 GMT+1100 (Australian Eastern Daylight Time)-34"
      >
        6
      </span>
    </div>
  </div>
</div>
`;
