// Jest Snapshot v1, https://goo.gl/fbAQLP

exports[`Calendar component should match snapshot 1`] = `
<div>
  <div
    class="css-1pvc4u8-Calendar"
  >
    <div
      class="css-ft1sxc-Calendar css-4cffwv"
    >
      <button
        class="css-hcal7n-Button"
      >
        <span
          class="css-1geq0g0"
        >
          <i
            class="material-icons  css-y0j37o-Icon"
          >
            chevron_left
          </i>
        </span>
        <span />
      </button>
      <span
        class="css-1a9mqxr-Text css-vurnku"
      >
        February
         
        2021
      </span>
      <button
        class="css-hcal7n-Button"
      >
        <span />
        <span
          class="css-1geq0g0"
        >
          <i
            class="material-icons  css-y0j37o-Icon"
          >
            chevron_right
          </i>
        </span>
      </button>
    </div>
    <div
      class="css-1a0kgyi-Calendar"
    >
      <div
        class="css-108m3ho-Tooltip"
      >
        <span
          class="css-1rgqr4q"
        >
          S
        </span>
      </div>
      <div
        class="css-108m3ho-Tooltip"
      >
        <span
          class="css-1rgqr4q"
        >
          M
        </span>
      </div>
      <div
        class="css-108m3ho-Tooltip"
      >
        <span
          class="css-1rgqr4q"
        >
          T
        </span>
      </div>
      <div
        class="css-108m3ho-Tooltip"
      >
        <span
          class="css-1rgqr4q"
        >
          W
        </span>
      </div>
      <div
        class="css-108m3ho-Tooltip"
      >
        <span
          class="css-1rgqr4q"
        >
          T
        </span>
      </div>
      <div
        class="css-108m3ho-Tooltip"
      >
        <span
          class="css-1rgqr4q"
        >
          F
        </span>
      </div>
      <div
        class="css-108m3ho-Tooltip"
      >
        <span
          class="css-1rgqr4q"
        >
          S
        </span>
      </div>
    </div>
    <div
      class="css-1tme9z0-Calendar"
    >
      <span
        class="css-gakn16-CalendarDay"
      >
        31
      </span>
      <span
        class="css-1and8og-CalendarDay"
      >
        1
      </span>
      <span
        class="css-5ocht1-CalendarDay"
      >
        2
      </span>
      <span
        class="css-5ocht1-CalendarDay"
      >
        3
      </span>
      <span
        class="css-5ocht1-CalendarDay"
      >
        4
      </span>
      <span
        class="css-5ocht1-CalendarDay"
      >
        5
      </span>
      <span
        class="css-5ocht1-CalendarDay"
      >
        6
      </span>
      <span
        class="css-5ocht1-CalendarDay"
      >
        7
      </span>
      <span
        class="css-5ocht1-CalendarDay"
      >
        8
      </span>
      <span
        class="css-5ocht1-CalendarDay"
      >
        9
      </span>
      <span
        class="css-5ocht1-CalendarDay"
      >
        10
      </span>
      <span
        class="css-5ocht1-CalendarDay"
      >
        11
      </span>
      <span
        class="css-5ocht1-CalendarDay"
      >
        12
      </span>
      <span
        class="css-5ocht1-CalendarDay"
      >
        13
      </span>
      <span
        class="css-5ocht1-CalendarDay"
      >
        14
      </span>
      <span
        class="css-5ocht1-CalendarDay"
      >
        15
      </span>
      <span
        class="css-5ocht1-CalendarDay"
      >
        16
      </span>
      <span
        class="css-5ocht1-CalendarDay"
      >
        17
      </span>
      <span
        class="css-5ocht1-CalendarDay"
      >
        18
      </span>
      <span
        class="css-5ocht1-CalendarDay"
      >
        19
      </span>
      <span
        class="css-5ocht1-CalendarDay"
      >
        20
      </span>
      <span
        class="css-5ocht1-CalendarDay"
      >
        21
      </span>
      <span
        class="css-5ocht1-CalendarDay"
      >
        22
      </span>
      <span
        class="css-5ocht1-CalendarDay"
      >
        23
      </span>
      <span
        class="css-5ocht1-CalendarDay"
      >
        24
      </span>
      <span
        class="css-5ocht1-CalendarDay"
      >
        25
      </span>
      <span
        class="css-5ocht1-CalendarDay"
      >
        26
      </span>
      <span
        class="css-5ocht1-CalendarDay"
      >
        27
      </span>
      <span
        class="css-5ocht1-CalendarDay"
      >
        28
      </span>
      <span
        class="css-gakn16-CalendarDay"
      >
        1
      </span>
      <span
        class="css-gakn16-CalendarDay"
      >
        2
      </span>
      <span
        class="css-gakn16-CalendarDay"
      >
        3
      </span>
      <span
        class="css-gakn16-CalendarDay"
      >
        4
      </span>
      <span
        class="css-gakn16-CalendarDay"
      >
        5
      </span>
      <span
        class="css-gakn16-CalendarDay"
      >
        6
      </span>
    </div>
  </div>
</div>
`;
