// Jest Snapshot v1, https://goo.gl/fbAQLP

exports[`Date range picker pattern should match snapshot 1`] = `
<div>
  <div>
    <div
      class="css-1iq9e3v-DateRangePickerInput"
    >
      <div
        class="css-109th3q-InputWrapper"
      >
        <div
          class="css-1qm0f6g-InputLabel"
        >
          <label
            for="dates"
          >
            <div
              class="css-14i3diu-Text css-vurnku"
            >
              Dates
            </div>
          </label>
        </div>
        <div
          class="css-xcsx4z"
        >
          <input
            class="css-msl6v2"
            id="dates"
            type="text"
            value="__/__/____ - __/__/____"
          />
          <div
            class="css-e7011r"
          >
            <button
              class="css-1ipglsu-Button"
              icon="calendar_today"
            >
              <span
                class="css-zohjwb-ButtonIcon"
              >
                <i
                  class="material-icons  css-zif8ik-Icon"
                >
                  calendar_today
                </i>
              </span>
            </button>
          </div>
        </div>
      </div>
    </div>
  </div>
</div>
`;
