// Jest Snapshot v1, https://goo.gl/fbAQLP

exports[`Text input pattern should match snapshot 1`] = `
<div>
  <div
    class="css-109th3q-InputWrapper"
  >
    <div
      class="css-1qm0f6g-InputLabel"
    >
      <label
        for="text"
      >
        <div
          class="css-14i3diu-Text css-vurnku"
        >
          text
        </div>
      </label>
    </div>
    <div
      class="css-xcsx4z"
    >
      <input
        class="css-msl6v2"
        id="text"
        type="text"
        value=""
      />
    </div>
  </div>
</div>
`;
