// Jest Snapshot v1, https://goo.gl/fbAQLP

exports[`Datepicker pattern should match snapshot 1`] = `
<div>
  <div>
    <div
      class="css-1m0srfo-DatePickerInput"
    >
      <div
        class="css-109th3q-InputWrapper"
      >
        <div
          class="css-1qm0f6g-InputLabel"
        >
          <label
            class="css-1pst1pz-Label"
            for="picker"
          >
            datepicker
          </label>
        </div>
        <div
          class="css-xcsx4z"
        >
          <input
            class="css-msl6v2"
            id="picker"
            type="text"
            value=""
          />
          <div
            class="css-e7011r"
          >
            <button
              class="css-hp85rj-Button"
              icon="calendar_today"
            >
              <span
                class="css-1geq0g0"
              >
                <i
                  class="material-icons  css-zif8ik-Icon"
                >
                  calendar_today
                </i>
              </span>
            </button>
          </div>
        </div>
      </div>
    </div>
  </div>
</div>
`;
