// Jest Snapshot v1, https://goo.gl/fbAQLP

exports[`Input Component Should match snapshot 1`] = `
<div>
  <div
    class="css-1ikh15u-Input"
  >
    <label
      class="css-4kf3qn-Input"
      for="test"
    >
      test
    </label>
    <div
      class="css-y29pjo-Input"
    >
      <input
        class="css-kpy4sa-Input"
        id="test"
        value=""
      />
    </div>
  </div>
</div>
`;
