// Jest Snapshot v1, https://goo.gl/fbAQLP

exports[`Toggle component should match snapshot 1`] = `
<div>
  <div>
    <input
      hidden=""
      id="toggle"
      name="toggle"
      type="checkbox"
    />
    <label
      for="toggle"
    >
      <div
        class="css-14i3diu-Text css-vurnku"
      >
        <div
          class="css-19odyxe"
        >
          <span>
            off
          </span>
          <button
            class="css-faixig"
          />
          <span>
            on
          </span>
        </div>
      </div>
    </label>
  </div>
</div>
`;
